[2026-03-26 16:11:12,468] torch.distributed.run: [WARNING] 
[2026-03-26 16:11:12,468] torch.distributed.run: [WARNING] *****************************************
[2026-03-26 16:11:12,468] torch.distributed.run: [WARNING] Setting OMP_NUM_THREADS environment variable for each process to be 1 in default, to avoid your system being overloaded, please further tune the variable for optimal performance in your application as needed. 
[2026-03-26 16:11:12,468] torch.distributed.run: [WARNING] *****************************************
logs/4a16ed3b-1d8b-4700-a008-0b0fc1e0ec73.txt
val_bpb:enabled tokenizer_kind=sentencepiece tokenizer_path=./data/tokenizers/fineweb_1024_bpe.model
train_loader:dataset:fineweb10B_sp1024 train_shards:10
val_loader:shards pattern=./data/datasets/fineweb10B_sp1024/fineweb_val_*.bin tokens:62021632
mixed_precision: 68 int5 layers, 0 int6 layers (last 0 blocks)
model_params:33317980
XSA:[0, 1, 2, 3, 4, 5, 6, 7, 8, 9, 10] ws:8 gqa:8/8
lr:embed=0.035 matrix=0.025 scalar=0.025 batch:786432 wall:600s seed:1337
NGRAM_ONLY mode: skipping training, loading saved model...
ngram_eval:start chunks=63 chunk_tokens=1000000 alpha_max=0.95 entropy_center=3.0 order_mults=[0.3, 0.3, 0.97, 2.0, 2.0, 2.0, 2.0, 2.0]
  ngram_chunk [1/63] bpb=1.139966 time=21.5s
  ngram_chunk [6/63] bpb=0.229164 time=120.7s
  ngram_chunk [11/63] bpb=0.142679 time=218.9s
  ngram_chunk [16/63] bpb=0.109531 time=318.0s
  ngram_chunk [21/63] bpb=0.092045 time=417.2s
  ngram_chunk [26/63] bpb=0.081286 time=515.5s
  ngram_chunk [31/63] bpb=0.074099 time=613.9s
  ngram_chunk [36/63] bpb=0.068726 time=713.1s
  ngram_chunk [41/63] bpb=0.064636 time=812.4s
  ngram_chunk [46/63] bpb=0.061427 time=909.7s
  ngram_chunk [51/63] bpb=0.058936 time=1007.6s
  ngram_chunk [56/63] bpb=0.056773 time=1105.4s
  ngram_chunk [61/63] bpb=0.054964 time=1203.7s
  ngram_chunk [63/63] bpb=0.054645 time=1224.0s
ngram:done val_loss=0.091905 val_bpb=0.054431 elapsed=1231.2s
ngram_only val_loss:0.0919 val_bpb:0.0544 eval_time:1232053ms
ngram_only_exact val_loss:0.09190528 val_bpb:0.05443148
