[2026-03-26 16:56:05,243] torch.distributed.run: [WARNING] 
[2026-03-26 16:56:05,243] torch.distributed.run: [WARNING] *****************************************
[2026-03-26 16:56:05,243] torch.distributed.run: [WARNING] Setting OMP_NUM_THREADS environment variable for each process to be 1 in default, to avoid your system being overloaded, please further tune the variable for optimal performance in your application as needed. 
[2026-03-26 16:56:05,243] torch.distributed.run: [WARNING] *****************************************
logs/8a4bb3e6-b22b-499b-b529-64301c4d37b0.txt
val_bpb:enabled tokenizer_kind=sentencepiece tokenizer_path=./data/tokenizers/fineweb_1024_bpe.model
train_loader:dataset:fineweb10B_sp1024 train_shards:10
val_loader:shards pattern=./data/datasets/fineweb10B_sp1024/fineweb_val_*.bin tokens:62021632
mixed_precision: 68 int5 layers, 0 int6 layers (last 0 blocks)
model_params:33317980
XSA:[0, 1, 2, 3, 4, 5, 6, 7, 8, 9, 10] ws:8 gqa:8/8
lr:embed=0.035 matrix=0.025 scalar=0.025 batch:786432 wall:600s seed:42
NGRAM_ONLY mode: skipping training, loading saved model...
ngram_eval:start chunks=63 chunk_tokens=1000000 alpha_max=0.95 entropy_center=3.0 order_mults=[0.3, 0.3, 0.97, 2.0, 2.0, 2.0, 2.0, 2.0]
  ngram_chunk [1/63] bpb=1.134444 time=7.0s
  ngram_chunk [6/63] bpb=0.228332 time=35.6s
  ngram_chunk [11/63] bpb=0.142270 time=64.2s
  ngram_chunk [16/63] bpb=0.109276 time=134.5s
  ngram_chunk [21/63] bpb=0.091912 time=233.8s
  ngram_chunk [26/63] bpb=0.081223 time=332.0s
  ngram_chunk [31/63] bpb=0.074096 time=431.0s
  ngram_chunk [36/63] bpb=0.068756 time=530.4s
  ngram_chunk [41/63] bpb=0.064688 time=629.0s
  ngram_chunk [46/63] bpb=0.061490 time=727.8s
  ngram_chunk [51/63] bpb=0.059021 time=826.8s
  ngram_chunk [56/63] bpb=0.056867 time=925.5s
  ngram_chunk [61/63] bpb=0.055052 time=1024.6s
  ngram_chunk [63/63] bpb=0.054737 time=1044.9s
ngram:done val_loss=0.091988 val_bpb=0.054481 elapsed=1046.7s
ngram_only val_loss:0.0920 val_bpb:0.0545 eval_time:1047702ms
ngram_only_exact val_loss:0.09198829 val_bpb:0.05448065
