[2026-03-26 22:17:07,824] torch.distributed.run: [WARNING] 
[2026-03-26 22:17:07,824] torch.distributed.run: [WARNING] *****************************************
[2026-03-26 22:17:07,824] torch.distributed.run: [WARNING] Setting OMP_NUM_THREADS environment variable for each process to be 1 in default, to avoid your system being overloaded, please further tune the variable for optimal performance in your application as needed. 
[2026-03-26 22:17:07,824] torch.distributed.run: [WARNING] *****************************************
logs/0802f851-23d0-485e-bb0b-5efb69bffcde.txt
val_bpb:enabled tokenizer_kind=sentencepiece tokenizer_path=./data/tokenizers/fineweb_1024_bpe.model
train_loader:dataset:fineweb10B_sp1024 train_shards:10
val_loader:shards pattern=./data/datasets/fineweb10B_sp1024/fineweb_val_*.bin tokens:62021632
mixed_precision: 68 int5 layers, 0 int6 layers (last 0 blocks)
model_params:33317980
XSA:[0, 1, 2, 3, 4, 5, 6, 7, 8, 9, 10] ws:8 gqa:8/8
lr:embed=0.035 matrix=0.025 scalar=0.025 batch:786432 wall:600s seed:2025
NGRAM_ONLY mode: skipping training, loading saved model...
NGRAM_PREFILL: filling cache with 10000000 training tokens...
NGRAM_PREFILL: 10000000 tokens loaded in 19.8s
ngram_eval:start chunks=63 chunk_tokens=1000000 alpha_max=1.0 entropy_center=3.0 order_mults=[0.3, 0.3, 0.97, 2.0, 2.0, 2.0, 2.0, 2.0]
  ngram_chunk [1/63] bpb=0.000009 time=7.0s
  ngram_chunk [6/63] bpb=0.000002 time=35.9s
  ngram_chunk [11/63] bpb=0.000001 time=65.0s
  ngram_chunk [16/63] bpb=0.000001 time=93.8s
  ngram_chunk [21/63] bpb=0.000000 time=122.6s
  ngram_chunk [26/63] bpb=0.000000 time=151.3s
  ngram_chunk [31/63] bpb=0.000000 time=179.9s
  ngram_chunk [36/63] bpb=0.000000 time=208.5s
  ngram_chunk [41/63] bpb=0.000000 time=237.0s
  ngram_chunk [46/63] bpb=0.000000 time=265.5s
  ngram_chunk [51/63] bpb=0.000000 time=293.9s
  ngram_chunk [56/63] bpb=0.000000 time=322.2s
  ngram_chunk [61/63] bpb=0.000000 time=350.6s
  ngram_chunk [63/63] bpb=0.000000 time=356.4s
ngram:done val_loss=0.000000 val_bpb=0.000000 elapsed=356.4s
ngram_only val_loss:0.0000 val_bpb:0.0000 eval_time:357343ms
ngram_only_exact val_loss:0.00000003 val_bpb:0.00000002
